2026-06-04 20:59:37,556 - INFO - Client connected: tnaGHSw5ekewvLvrAAAB
2026-06-04 21:02:29,757 - INFO - Client connected: F9O-M0oCL2PHxjnWAAAB
2026-06-04 21:02:42,065 - INFO - Client disconnected: F9O-M0oCL2PHxjnWAAAB
2026-06-04 21:02:42,206 - INFO - Client connected: u6Aku-ogM4L7uRWqAAAD
2026-06-04 21:02:57,033 - INFO - Client disconnected: u6Aku-ogM4L7uRWqAAAD
2026-06-04 21:02:57,519 - INFO - Client connected: j5yjL2wXZwF_O1pdAAAF
2026-06-04 21:04:59,393 - INFO - Client connected: oaWXBQ65gKvl7HQXAAAB
2026-06-04 21:05:18,346 - INFO - Client connected: 1uX1Azo7KqXVkGeUAAAB
2026-06-04 21:05:31,913 - INFO - Client connected: Wpvx5STIYvZoa6vVAAAB
2026-06-04 21:05:42,506 - INFO - Client disconnected: Wpvx5STIYvZoa6vVAAAB
2026-06-04 21:05:42,647 - INFO - Client connected: 5OR-osY8uoFjjBgLAAAD
2026-06-04 21:12:30,647 - INFO - Client connected: W0Ly1nauyTnYqxKtAAAB
2026-06-04 21:14:49,232 - INFO - Client connected: VGdh2VekI6kAIhwWAAAB
2026-06-04 21:19:21,523 - INFO - Client connected: K2K9PikFkLQdKupOAAAB
2026-06-04 21:19:27,998 - INFO - Client disconnected: K2K9PikFkLQdKupOAAAB
2026-06-04 21:19:28,138 - INFO - Client connected: VO3mo5Pcoh_CS0_-AAAD
2026-06-04 21:25:54,236 - INFO - Client connected: LIn6jP0ic06H_Te3AAAB
2026-06-04 21:25:59,075 - INFO - Client disconnected: LIn6jP0ic06H_Te3AAAB
2026-06-04 21:25:59,243 - INFO - Client connected: _qDqVjMctsW5ilJvAAAD
2026-06-04 21:28:25,244 - INFO - Client connected: Z31EswZRzcWUhwPPAAAB
2026-06-04 21:28:34,928 - INFO - Client disconnected: Z31EswZRzcWUhwPPAAAB
2026-06-04 21:28:35,071 - INFO - Client connected: fAXHQL_xuJnJBoITAAAD
2026-06-04 21:28:35,702 - INFO - Client disconnected: fAXHQL_xuJnJBoITAAAD
2026-06-04 21:28:35,839 - INFO - Client connected: 8kAviTs6ptbe6CRYAAAF
2026-06-04 21:28:35,894 - INFO - Client disconnected: 8kAviTs6ptbe6CRYAAAF
2026-06-04 21:28:36,016 - INFO - Client connected: 3gcMZGdrsgsQAkFnAAAH
2026-06-04 21:31:50,215 - INFO - Client connected: eBdJfOrovTV2vIRJAAAB
2026-06-04 21:31:51,592 - INFO - Client disconnected: eBdJfOrovTV2vIRJAAAB
2026-06-04 21:31:51,725 - INFO - Client connected: eugP-kLLZE6JFaLBAAAD
2026-06-04 21:31:52,413 - INFO - Client disconnected: eugP-kLLZE6JFaLBAAAD
2026-06-04 21:31:52,542 - INFO - Client connected: uBvspUe4kzAJrAp6AAAF
2026-06-04 21:33:10,054 - INFO - Client connected: EygReLYb9GNPZv48AAAB
2026-06-04 21:36:05,025 - INFO - Client connected: LCG2-hHp6iHHvFgQAAAB
2026-06-04 21:38:05,454 - INFO - Client connected: 6kIbyQpGyvVDiIN5AAAB
2026-06-04 21:38:05,506 - INFO - Client disconnected: 6kIbyQpGyvVDiIN5AAAB
2026-06-04 21:38:05,642 - INFO - Client connected: nM_jR5QkefoQ63QNAAAD
2026-06-04 21:39:55,710 - INFO - Client connected: NBE3Eimh94wqdSR2AAAB
2026-06-04 21:39:58,472 - INFO - Client disconnected: NBE3Eimh94wqdSR2AAAB
2026-06-04 21:39:58,615 - INFO - Client connected: 4V18smSPr8WQfEZCAAAD
2026-06-04 21:49:15,020 - INFO - Client connected: 2rr6tHg8B5tE1G4eAAAB
2026-06-04 21:49:17,314 - INFO - Client disconnected: 2rr6tHg8B5tE1G4eAAAB
2026-06-04 21:49:17,462 - INFO - Client connected: J6o-mgky2dvtk9tTAAAD
2026-06-04 21:53:01,616 - INFO - Client disconnected: J6o-mgky2dvtk9tTAAAD
2026-06-04 21:53:01,830 - INFO - Client connected: kjyQIg5EeTSf7sirAAAF
2026-06-04 22:00:43,346 - INFO - Client disconnected: kjyQIg5EeTSf7sirAAAF
2026-06-04 22:00:44,193 - INFO - Client connected: Bcv4DMAeESm6NMXzAAAH
2026-06-04 22:03:30,476 - INFO - Client disconnected: Bcv4DMAeESm6NMXzAAAH
2026-06-04 22:03:30,685 - INFO - Client connected: 2766V81xblxTbvASAAAJ
2026-06-04 22:03:51,948 - INFO - Client disconnected: 2766V81xblxTbvASAAAJ
2026-06-04 22:03:52,120 - INFO - Client connected: I_QZd0sAJj1zKGM5AAAL
2026-06-04 22:05:52,346 - INFO - Client disconnected: I_QZd0sAJj1zKGM5AAAL
2026-06-04 22:05:52,618 - INFO - Client connected: 41ADnCfwXQ7RIBdPAAAN
2026-06-04 22:06:42,761 - INFO - Client disconnected: 41ADnCfwXQ7RIBdPAAAN
2026-06-04 22:06:42,916 - INFO - Client connected: eutJ_EuMtNGwB1PxAAAP
2026-06-04 22:06:53,925 - INFO - Client disconnected: eutJ_EuMtNGwB1PxAAAP
2026-06-04 22:06:54,061 - INFO - Client connected: YfCgw0M27Rf4a_a7AAAR
2026-06-04 22:06:54,744 - INFO - Client disconnected: YfCgw0M27Rf4a_a7AAAR
2026-06-04 22:06:54,897 - INFO - Client connected: idjzzt4m0Gx1MTRmAAAT
2026-06-04 22:07:25,334 - INFO - Client disconnected: idjzzt4m0Gx1MTRmAAAT
2026-06-04 22:07:25,767 - INFO - Client connected: r3thzuZry2euiD76AAAV
2026-06-04 22:11:47,553 - INFO - Client disconnected: r3thzuZry2euiD76AAAV
2026-06-04 22:11:48,670 - INFO - Client connected: 9v-v1SGQCUG28TBiAAAX
2026-06-04 22:16:25,635 - INFO - Client connected: z_CQmNziBkgk903XAAAB
2026-06-04 22:16:26,727 - INFO - Client disconnected: z_CQmNziBkgk903XAAAB
2026-06-04 22:16:27,336 - INFO - Client connected: 6pnXj2cLTSwxG8IfAAAD
2026-06-04 22:19:03,591 - INFO - Client connected: e-KFjnMWd3z3q7TLAAAB
2026-06-04 22:19:06,946 - INFO - Client disconnected: e-KFjnMWd3z3q7TLAAAB
2026-06-04 22:19:07,124 - INFO - Client connected: 7T2eiiV3-Kzn2ludAAAD
2026-06-04 22:20:19,558 - INFO - Client connected: T_frwX3Eo0MUmp6xAAAB
2026-06-04 22:35:25,696 - INFO - Client disconnected: T_frwX3Eo0MUmp6xAAAB
2026-06-04 22:39:00,643 - INFO - Client connected: IdtyC97bxkb0DWjnAAAB
2026-06-04 22:52:24,386 - INFO - Client connected: DrXOcUSNoE5qxWw3AAAD
2026-06-04 23:38:45,894 - INFO - Client disconnected: IdtyC97bxkb0DWjnAAAB
2026-06-04 23:38:45,907 - INFO - Client disconnected: DrXOcUSNoE5qxWw3AAAD
2026-06-05 00:10:32,204 - INFO - Client connected: R7om-ZxIcuV80uLbAAAB
2026-06-05 00:10:33,013 - INFO - Client connected: eJ7uQa3X_cBME8i6AAAD
2026-06-05 00:10:33,788 - INFO - Client disconnected: R7om-ZxIcuV80uLbAAAB
2026-06-05 00:12:55,611 - INFO - Client connected: HxLTFsXPUYfSK-YxAAAB
2026-06-05 00:26:17,320 - INFO - Client disconnected: HxLTFsXPUYfSK-YxAAAB
2026-06-05 00:26:17,558 - INFO - Client connected: z6axxtj0lLT8Ue-2AAAD
2026-06-05 00:26:20,564 - INFO - Client disconnected: z6axxtj0lLT8Ue-2AAAD
2026-06-05 00:26:20,725 - INFO - Client connected: Y70nw4W1PX5QqvYKAAAF
2026-06-05 00:31:34,052 - INFO - Client disconnected: Y70nw4W1PX5QqvYKAAAF
2026-06-05 00:31:34,229 - INFO - Client connected: QVUwdK-j6TReifC2AAAH
2026-06-05 00:34:47,049 - INFO - Client connected: nFZ1vwnD0e1E4tULAAAB
2026-06-05 00:40:45,883 - INFO - Client connected: zonASitDFFqSWD2BAAAB
2026-06-05 00:48:51,663 - INFO - Client connected: yUFSelSlN3LZfW7AAAAB
2026-06-05 00:48:56,582 - INFO - Client disconnected: yUFSelSlN3LZfW7AAAAB
2026-06-05 00:48:56,787 - INFO - Client connected: aLRiLWZ2EAVuDBppAAAD
2026-06-05 00:49:05,833 - INFO - Client disconnected: aLRiLWZ2EAVuDBppAAAD
2026-06-05 00:49:06,017 - INFO - Client connected: ItnSEEJyR3_8U7QPAAAF
2026-06-05 00:50:24,602 - INFO - Client disconnected: ItnSEEJyR3_8U7QPAAAF
2026-06-05 00:50:24,824 - INFO - Client connected: osIWDnpl-rR7H51mAAAH
2026-06-05 00:50:40,601 - INFO - Client disconnected: osIWDnpl-rR7H51mAAAH
2026-06-05 00:50:40,764 - INFO - Client connected: CHjIWyrQwBIe8rnAAAAJ
2026-06-05 00:56:08,293 - INFO - Client connected: v099tuJzX2DbFTOnAAAB
2026-06-05 00:56:09,542 - INFO - Client connected: BwclQ23ohRoiLwVuAAAB
2026-06-05 00:56:50,042 - INFO - Client connected: KLhlICVnHiJ0MSypAAAB
2026-06-05 01:00:59,636 - INFO - Client disconnected: KLhlICVnHiJ0MSypAAAB
2026-06-05 01:00:59,838 - INFO - Client connected: XMLOO21WbzIfB6cjAAAD
2026-06-05 01:03:28,445 - INFO - Client connected: MvtHzQj93IGSZvPEAAAB
2026-06-05 01:04:49,440 - INFO - Client disconnected: MvtHzQj93IGSZvPEAAAB
2026-06-05 01:04:49,732 - INFO - Client connected: Vs8i8K_cUYZXTvNbAAAD
2026-06-05 01:05:02,212 - INFO - Client disconnected: Vs8i8K_cUYZXTvNbAAAD
2026-06-05 01:05:02,376 - INFO - Client connected: _f9i1YZhleCQa96SAAAF
2026-06-05 01:06:06,304 - INFO - Client disconnected: _f9i1YZhleCQa96SAAAF
2026-06-05 01:06:06,483 - INFO - Client connected: N2AzpsJtU9mgNTiQAAAH
2026-06-05 01:06:39,771 - INFO - Client connected: aBHIQOwlRcLGaonaAAAB
2026-06-05 01:11:48,496 - INFO - Client disconnected: aBHIQOwlRcLGaonaAAAB
2026-06-05 01:11:48,650 - INFO - Client connected: gpnzpD9K6CbaA9INAAAD
2026-06-05 01:12:07,051 - INFO - Client disconnected: gpnzpD9K6CbaA9INAAAD
2026-06-05 01:12:07,219 - INFO - Client connected: ix4f2KMcGQNivHWHAAAF
2026-06-05 01:15:55,995 - INFO - Client connected: k5ZfPEHNbcXCp1SDAAAB
2026-06-05 01:16:00,776 - INFO - Client disconnected: k5ZfPEHNbcXCp1SDAAAB
2026-06-05 01:16:00,947 - INFO - Client connected: Egw5ZTDv3BGdV1itAAAD
2026-06-05 01:25:30,581 - INFO - Client disconnected: Egw5ZTDv3BGdV1itAAAD
2026-06-05 01:25:30,804 - INFO - Client connected: -Hrkqb2J_PmypmrUAAAF
2026-06-05 01:53:41,271 - INFO - Client connected: ZhaI4gEH2X9GonZ0AAAB
2026-06-05 01:53:48,435 - INFO - Client connected: 7qjV4UXSzBHG0quDAAAB
2026-06-05 01:54:01,274 - INFO - Client connected: D7O3m2sCOJLgySxKAAAB
2026-06-05 01:54:01,782 - INFO - Client disconnected: D7O3m2sCOJLgySxKAAAB
2026-06-05 01:54:01,969 - INFO - Client connected: oNkbhzLBR5KG9iadAAAD
2026-06-05 01:55:08,235 - INFO - Client disconnected: oNkbhzLBR5KG9iadAAAD
2026-06-05 01:55:08,468 - INFO - Client connected: bOqusMEaDnJZwPuUAAAF
2026-06-05 01:57:54,958 - INFO - Client disconnected: bOqusMEaDnJZwPuUAAAF
2026-06-05 01:57:55,179 - INFO - Client connected: I2J7PL0n6pcrffcTAAAH
2026-06-05 02:03:20,608 - INFO - Client disconnected: I2J7PL0n6pcrffcTAAAH
2026-06-05 02:03:20,759 - INFO - Client connected: gx0Un5VNwt8R_zqSAAAJ
2026-06-05 02:05:01,925 - INFO - Client disconnected: gx0Un5VNwt8R_zqSAAAJ
2026-06-05 02:05:02,187 - INFO - Client connected: l1tVsls7IGXqcVSPAAAL
2026-06-05 02:07:26,244 - INFO - Client connected: C7_JVHLjM9U4m10YAAAB
2026-06-05 02:08:31,386 - INFO - Client connected: lTch3NZSt7hgHP6jAAAB
2026-06-05 02:11:26,429 - INFO - Client connected: rCDFHjcqjzbwFgBPAAAB
2026-06-05 02:11:59,320 - INFO - Client connected: 7MTyat0448EeH2HYAAAB
2026-06-05 02:12:36,707 - INFO - Client connected: 2TzeZUK7mp-WVRQFAAAB
2026-06-05 02:13:30,526 - INFO - Client connected: ENH-CSNl4oP6QshIAAAB
2026-06-05 02:15:00,112 - INFO - Client connected: 2Labtzcp6zmAellCAAAB
2026-06-05 02:15:02,435 - INFO - Client disconnected: 2Labtzcp6zmAellCAAAB
2026-06-05 02:15:02,618 - INFO - Client connected: ozFdgZHfeHD-ohe5AAAD
2026-06-05 02:15:03,965 - INFO - Client disconnected: ozFdgZHfeHD-ohe5AAAD
2026-06-05 02:15:04,115 - INFO - Client connected: C0z4MoSHxNY7PaNnAAAF
2026-06-05 02:15:20,556 - INFO - Client disconnected: C0z4MoSHxNY7PaNnAAAF
2026-06-05 02:15:20,686 - INFO - Client connected: O6h-M69crLaAkOp6AAAH
2026-06-05 02:15:20,907 - INFO - Client disconnected: O6h-M69crLaAkOp6AAAH
2026-06-05 02:15:21,041 - INFO - Client connected: L1RUJAErXA0syIOgAAAJ
2026-06-05 02:15:21,249 - INFO - Client disconnected: L1RUJAErXA0syIOgAAAJ
2026-06-05 02:15:21,409 - INFO - Client connected: Hf72Xoux7y2xSoGxAAAL
2026-06-05 02:15:22,201 - INFO - Client disconnected: Hf72Xoux7y2xSoGxAAAL
2026-06-05 02:15:22,361 - INFO - Client connected: xb7TaFRdVGUlIjBmAAAN
2026-06-05 02:15:26,599 - INFO - Client disconnected: xb7TaFRdVGUlIjBmAAAN
2026-06-05 02:15:27,048 - INFO - Client connected: a7qxjSYDv0SUMUimAAAP
2026-06-05 02:24:49,490 - INFO - Client connected: nj2iOt3zDtrOJZHoAAAB
2026-06-05 02:30:16,516 - INFO - Client connected: SGTJqrI2xYQxOH1jAAAB
2026-06-05 02:30:20,479 - INFO - Client disconnected: SGTJqrI2xYQxOH1jAAAB
2026-06-05 02:30:20,687 - INFO - Client connected: tXL3ZAhBA0YWDaEEAAAD
2026-06-05 02:33:24,468 - INFO - Client disconnected: tXL3ZAhBA0YWDaEEAAAD
2026-06-05 02:33:24,653 - INFO - Client connected: YBqBpiUnI-o0RyjSAAAF
2026-06-05 02:40:18,283 - INFO - Client disconnected: YBqBpiUnI-o0RyjSAAAF
2026-06-05 02:40:18,466 - INFO - Client connected: TkKhAfkdPQJx2o5KAAAH
2026-06-05 02:45:35,314 - INFO - Client connected: wjkT1O_VkxHrmefWAAAB
2026-06-05 02:47:09,427 - INFO - Client connected: m5WisTOHYpiF3H95AAAB
2026-06-05 02:47:10,798 - INFO - Client disconnected: m5WisTOHYpiF3H95AAAB
2026-06-05 02:47:11,036 - INFO - Client connected: _lX7tQxUBZUZnPKWAAAD
2026-06-05 02:52:17,093 - INFO - Client disconnected: _lX7tQxUBZUZnPKWAAAD
2026-06-05 02:52:17,256 - INFO - Client connected: 0W8xjCCim3PeCY_OAAAF
2026-06-05 02:55:55,499 - INFO - Client connected: -ssOwH4ru-4VTopiAAAB
2026-06-05 02:58:12,326 - INFO - Client connected: LCLyOXmDLgZkimWFAAAB
2026-06-05 02:58:30,486 - INFO - Client connected: wKAKZUtlqrMsHnSRAAAB
2026-06-05 02:58:32,360 - INFO - Client disconnected: wKAKZUtlqrMsHnSRAAAB
2026-06-05 02:58:32,533 - INFO - Client connected: 8mH4HHEoss45Zn5ZAAAD
2026-06-05 02:58:33,571 - INFO - Client disconnected: 8mH4HHEoss45Zn5ZAAAD
2026-06-05 02:58:33,734 - INFO - Client connected: Jjx_aGuEw-kupetxAAAF
2026-06-05 03:06:23,754 - INFO - Client disconnected: Jjx_aGuEw-kupetxAAAF
2026-06-05 03:06:23,939 - INFO - Client connected: uMH2qFjg-sxq3lxTAAAH
2026-06-05 03:06:31,773 - INFO - Client disconnected: uMH2qFjg-sxq3lxTAAAH
2026-06-05 03:06:31,915 - INFO - Client connected: j34dEZoeYwpfjtEjAAAJ
2026-06-05 03:06:32,143 - INFO - Client disconnected: j34dEZoeYwpfjtEjAAAJ
2026-06-05 03:06:32,314 - INFO - Client connected: xcbjlToGdBVj-YS7AAAL
2026-06-05 03:07:30,256 - INFO - Client disconnected: xcbjlToGdBVj-YS7AAAL
2026-06-05 03:07:30,420 - INFO - Client connected: Wjtc68DDaos8WbtSAAAN
2026-06-05 03:09:04,933 - INFO - Client disconnected: Wjtc68DDaos8WbtSAAAN
2026-06-05 03:09:05,082 - INFO - Client connected: iPrk6op8-f6TywZVAAAP
2026-06-05 03:09:46,515 - INFO - Client disconnected: iPrk6op8-f6TywZVAAAP
2026-06-05 03:09:46,658 - INFO - Client connected: g9VmF1PjbVq1KJVAAAAR
2026-06-05 03:10:10,552 - INFO - Client disconnected: g9VmF1PjbVq1KJVAAAAR
